Residue conformations -------------------------------------------
A0 : G C3p_endo anti
A1 : G C3p_endo anti
A2 : A C3p_endo anti
A3 : G C3p_endo anti
A4 : C C3p_endo anti
A5 : G C3p_endo anti
A6 : G C2p_endo anti
A7 : U C3p_endo anti
A8 : A C2p_endo syn
A9 : G C3p_endo anti
A10 : U C3p_endo anti
A11 : U C3p_endo anti
A12 : C C3p_endo anti
A13 : A C3p_endo anti
A14 : G C3p_endo anti
A15 : U C2p_endo anti
A16 : C C2p_endo anti
A17 : G C2p_endo anti
A18 : G C2p_endo syn
A19 : U C1p_exo anti
A20 : U C2p_endo anti
A21 : A C3p_endo anti
A22 : G C2p_exo anti
A23 : A C3p_endo anti
A24 : A C3p_endo anti
A25 : U C3p_endo anti
A26 : A C3p_endo anti
A27 : C C3p_endo anti
A28 : C C3p_endo anti
A29 : U C3p_endo anti
A30 : G C3p_endo anti
A31 : C C3p_endo anti
A32 : C C3p_endo anti
A33 : U C3p_endo anti
A34 : G C3p_endo anti
A35 : U C3p_endo anti
A36 : C C3p_endo anti
A37 : A C3p_endo anti
A38 : C C2p_exo anti
A39 : G C3p_endo anti
A40 : C C3p_endo anti
A41 : A C3p_endo anti
A42 : G C3p_endo anti
A43 : G C3p_endo anti
A44 : G C3p_endo anti
A45 : G C3p_endo anti
A46 : G C2p_endo syn
A47 : U C3p_exo anti
A48 : C C2p_endo anti
A49 : G C3p_endo anti
A50 : C C3p_endo anti
A51 : G C3p_endo anti
A52 : G C3p_endo anti
A53 : G C3p_endo anti
A54 : U C3p_endo anti
A55 : U C3p_endo anti
A56 : C C3p_endo anti
A57 : G C3p_endo anti
A58 : A C2p_endo syn
A59 : G C3p_endo anti
A60 : U C2p_endo anti
A61 : C C3p_endo anti
A62 : C C3p_endo anti
A63 : C C3p_endo anti
A64 : G C3p_endo anti
A65 : U C3p_endo anti
A66 : C C3p_endo anti
A67 : C C3p_endo anti
A68 : G C3p_endo anti
A69 : U C3p_endo anti
A70 : U C3p_endo anti
A71 : C C3p_endo anti
A72 : C C3p_endo anti
A73 : G C2p_exo anti
A74 : C C3p_endo anti
A75 : C C3p_endo anti
A76 : A C3p_endo anti
B0 : G C3p_endo anti
B1 : G C3p_endo anti
B2 : A C3p_endo anti
B3 : G C3p_endo anti
B4 : C C3p_endo anti
B5 : G C3p_endo anti
B6 : G C2p_endo anti
B7 : U C3p_endo anti
B8 : A C2p_endo syn
B9 : G C3p_endo anti
B10 : U C3p_endo anti
B11 : U C3p_endo anti
B12 : C C3p_endo anti
B13 : A C3p_endo anti
B14 : G C3p_endo anti
B15 : U C2p_endo anti
B16 : C C3p_endo anti
B17 : G C2p_endo anti
B18 : G C2p_endo syn
B19 : U C2p_endo anti
B20 : U C2p_endo syn
B21 : A C3p_exo anti
B22 : G C3p_endo anti
B23 : A C3p_endo anti
B24 : A C3p_endo anti
B25 : U C3p_endo anti
B26 : A C3p_endo anti
B27 : C C3p_endo anti
B28 : C C3p_endo anti
B29 : U C3p_endo anti
B30 : G C3p_endo anti
B31 : C C3p_endo anti
B32 : C C3p_endo anti
B33 : U C2p_endo anti
B34 : G C2p_exo anti
B35 : U C3p_endo anti
B36 : C C3p_endo anti
B37 : A C3p_endo anti
B38 : C C2p_exo anti
B39 : G C3p_endo anti
B40 : C C3p_endo anti
B41 : A C3p_endo anti
B42 : G C3p_endo anti
B43 : G C3p_endo anti
B44 : G C3p_endo anti
B45 : G C3p_endo anti
B46 : G C2p_endo syn
B47 : U C3p_exo anti
B48 : C C2p_endo anti
B49 : G C3p_endo anti
B50 : C C3p_endo anti
B51 : G C3p_endo anti
B52 : G C3p_endo anti
B53 : G C3p_endo anti
B54 : U C3p_endo anti
B55 : U C3p_endo anti
B56 : C C3p_endo anti
B57 : G C3p_endo anti
B58 : A C2p_endo syn
B59 : G C3p_endo anti
B60 : U C2p_endo anti
B61 : C C3p_endo anti
B62 : C C3p_endo anti
B63 : C C3p_endo anti
B64 : G C3p_endo anti
B65 : U C3p_endo anti
B66 : C C3p_endo anti
B67 : C C3p_endo anti
B68 : G C3p_endo anti
B69 : U C3p_endo anti
B70 : U C3p_endo anti
B71 : C C3p_endo anti
B72 : C C3p_endo anti
B73 : G C2p_exo anti
B74 : C C3p_endo anti
B75 : C C3p_endo anti
B76 : A C3p_endo syn
A101 : HOH
A102 : HOH
A103 : HOH
A104 : HOH
A105 : HOH
A106 : HOH
A107 : HOH
B101 : HOH
B102 : HOH
B103 : HOH
B104 : HOH
B105 : HOH
B106 : HOH
B107 : HOH
B108 : HOH
B109 : HOH
B110 : HOH
B111 : HOH
B112 : HOH
B113 : HOH
B114 : HOH
B115 : HOH
B116 : HOH
Adjacent stackings ----------------------------------------------
A0-A1 : adjacent_5p upward 
A1-A2 : adjacent_5p upward 
A2-A3 : adjacent_5p upward 
A3-A4 : adjacent_5p upward 
A4-A5 : adjacent_5p upward 
A5-A6 : adjacent_5p upward 
A9-A10 : adjacent_5p upward 
A11-A12 : adjacent_5p upward 
A13-A14 : adjacent_5p upward 
A22-A23 : adjacent_5p upward 
A23-A24 : adjacent_5p upward 
A24-A25 : adjacent_5p upward 
A25-A26 : adjacent_5p upward 
A26-A27 : adjacent_5p upward 
A27-A28 : adjacent_5p upward 
A28-A29 : adjacent_5p upward 
A30-A31 : adjacent_5p upward 
A31-A32 : adjacent_5p upward 
A32-A33 : adjacent_5p upward 
A34-A35 : adjacent_5p upward 
A35-A36 : adjacent_5p upward 
A36-A37 : adjacent_5p upward 
A37-A38 : adjacent_5p upward 
A38-A39 : adjacent_5p upward 
A39-A40 : adjacent_5p upward 
A40-A41 : adjacent_5p upward 
A41-A42 : adjacent_5p upward 
A42-A43 : adjacent_5p upward 
A43-A44 : adjacent_5p upward 
A44-A45 : adjacent_5p upward 
A49-A50 : adjacent_5p upward 
A51-A52 : adjacent_5p upward 
A52-A53 : adjacent_5p upward 
A53-A54 : adjacent_5p upward 
A54-A55 : adjacent_5p upward 
A56-A57 : adjacent_5p upward 
A59-A60 : adjacent_5p upward 
A63-A64 : adjacent_5p upward 
A64-A65 : adjacent_5p upward 
A65-A66 : adjacent_5p upward 
A66-A67 : adjacent_5p upward 
A68-A69 : adjacent_5p upward 
A70-A71 : adjacent_5p upward 
A71-A72 : adjacent_5p upward 
A72-A73 : adjacent_5p upward 
A73-A74 : adjacent_5p upward 
A74-A75 : adjacent_5p upward 
A75-A76 : adjacent_5p upward 
B0-B1 : adjacent_5p upward 
B1-B2 : adjacent_5p upward 
B2-B3 : adjacent_5p upward 
B3-B4 : adjacent_5p upward 
B4-B5 : adjacent_5p upward 
B5-B6 : adjacent_5p upward 
B9-B10 : adjacent_5p upward 
B11-B12 : adjacent_5p upward 
B13-B14 : adjacent_5p upward 
B22-B23 : adjacent_5p upward 
B23-B24 : adjacent_5p upward 
B24-B25 : adjacent_5p upward 
B25-B26 : adjacent_5p upward 
B26-B27 : adjacent_5p upward 
B27-B28 : adjacent_5p upward 
B28-B29 : adjacent_5p upward 
B30-B31 : adjacent_5p upward 
B31-B32 : adjacent_5p upward 
B34-B35 : adjacent_5p upward 
B35-B36 : adjacent_5p upward 
B36-B37 : adjacent_5p upward 
B37-B38 : adjacent_5p upward 
B38-B39 : adjacent_5p upward 
B39-B40 : adjacent_5p upward 
B40-B41 : adjacent_5p upward 
B41-B42 : adjacent_5p upward 
B42-B43 : adjacent_5p upward 
B43-B44 : adjacent_5p upward 
B44-B45 : adjacent_5p upward 
B49-B50 : adjacent_5p upward 
B51-B52 : adjacent_5p upward 
B52-B53 : adjacent_5p upward 
B53-B54 : adjacent_5p upward 
B54-B55 : adjacent_5p upward 
B56-B57 : adjacent_5p upward 
B59-B60 : adjacent_5p upward 
B63-B64 : adjacent_5p upward 
B64-B65 : adjacent_5p upward 
B65-B66 : adjacent_5p upward 
B66-B67 : adjacent_5p upward 
B68-B69 : adjacent_5p upward 
B70-B71 : adjacent_5p upward 
B71-B72 : adjacent_5p upward 
B72-B73 : adjacent_5p upward 
B73-B74 : adjacent_5p upward 
B74-B75 : adjacent_5p upward 
B75-B76 : adjacent_5p inward 
Non-Adjacent stackings ------------------------------------------
A0-A73 : outward 
A5-A68 : outward 
A6-A49 : upward 
A8-A45 : inward 
A8-A46 : outward 
A13-A22 : outward 
A14-A59 : upward 
A17-A57 : inward pairing 
A17-A58 : outward 
A18-A57 : outward 
A21-A46 : inward 
A21-A48 : outward 
A30-A41 : outward 
A51-A64 : outward 
A58-A61 : upward 
B0-B73 : outward 
B5-B68 : outward 
B6-B49 : upward 
B8-B45 : inward 
B8-B46 : outward 
B13-B22 : outward 
B14-B59 : upward 
B17-B57 : inward pairing 
B17-B58 : outward 
B18-B57 : outward 
B21-B46 : inward 
B21-B48 : outward 
B30-B41 : outward 
B51-B64 : outward 
B58-B61 : upward 
Number of stackings = 125
Number of adjacent stackings = 95
Number of non adjacent stackings = 30
Base-pairs ------------------------------------------------------
A0-A72 : G-C Ww/Ww pairing antiparallel cis XIX 
A1-A71 : G-C Ww/Ww pairing antiparallel cis XIX 
A2-A70 : A-U Ww/Ww pairing antiparallel cis XX 
A3-A69 : G-U Ww/Ws pairing antiparallel cis XXVIII 
A4-A68 : C-G Ww/Ww pairing antiparallel cis XIX 
A5-A67 : G-C Ww/Ww pairing antiparallel cis XIX 
A6-A66 : G-C Ww/Ww pairing antiparallel cis XIX 
A7-A13 : U-A Ws/Hh pairing antiparallel trans XXIV 
A7-A21 : U-A O2'/Ww O2'/Bh pairing 
A8-A9 : A-G O2'/Hh adjacent_5p pairing 
A8-A23 : A-A Hh/Hh pairing parallel trans II 
A9-A25 : G-U Ww/Ws pairing antiparallel cis XXVIII 
A9-A45 : G-G Hh/Bs pairing parallel cis 33 
A10-A24 : U-A Ww/Ww pairing antiparallel cis XX 
A11-A23 : U-A Ww/Ww pairing antiparallel cis XX 
A12-A22 : C-G Ww/Ww pairing antiparallel cis XIX 
A14-A48 : G-C Ww/Ww pairing parallel trans XXII 
A15-A59 : U-G O2P/Bs O2P/Ww pairing 
A17-A55 : G-U Ww/Bs pairing parallel trans 87 
A17-A57 : G-G O2'/Bs inward pairing 
A18-A56 : G-C Ww/Ww pairing antiparallel cis XIX 
A18-A60 : G-U O2P/Ww pairing 
A22-A46 : G-G Hh/Ww pairing antiparallel trans VII 
A26-A44 : A-G Ww/Ww pairing antiparallel cis VIII 
A27-A43 : C-G Ww/Ww pairing antiparallel cis XIX 
A28-A42 : C-G Ww/Ww pairing antiparallel cis XIX 
A29-A41 : U-A Ww/Ww pairing antiparallel cis XX 
A30-A40 : G-C Ww/Ww pairing antiparallel cis XIX 
A31-A39 : C-G Ww/Ww pairing antiparallel cis XIX 
A33-A35 : U-U Hh/O2P Ww/O2P pairing 
A33-A36 : U-C Ws/Hh pairing antiparallel trans one_hbond 
A49-A65 : G-U Ww/Ws pairing antiparallel cis XXVIII 
A50-A64 : C-G Ww/Ww pairing antiparallel cis XIX 
A51-A63 : G-C Ww/Ww pairing antiparallel cis XIX 
A52-A62 : G-C Ww/Ww pairing antiparallel cis XIX 
A53-A61 : G-C Ww/Ww pairing antiparallel cis XIX 
A54-A58 : U-A Ws/Hh pairing antiparallel trans XXIV 
A55-A57 : U-G O2'/Hh Hh/O2P pairing 
A55-A58 : U-A Ww/O2P pairing 
A60-A61 : U-C O2P/Bh adjacent_5p pairing 
B0-B72 : G-C Ww/Ww pairing antiparallel cis XIX 
B1-B71 : G-C Ww/Ww pairing antiparallel cis XIX 
B2-B70 : A-U Ww/Ww pairing antiparallel cis XX 
B3-B69 : G-U Ww/Ws pairing antiparallel cis XXVIII 
B4-B68 : C-G Ww/Ww pairing antiparallel cis XIX 
B5-B67 : G-C Ww/Ww pairing antiparallel cis XIX 
B6-B66 : G-C Ww/Ww pairing antiparallel cis XIX 
B7-B13 : U-A Ws/Hh pairing antiparallel trans XXIV 
B7-B21 : U-A O2'/Ww O2'/Bh pairing 
B8-B9 : A-G O2'/Hh adjacent_5p pairing 
B8-B23 : A-A Hh/Hh pairing parallel trans II 
B9-B25 : G-U Ww/Ws pairing antiparallel cis XXVIII 
B9-B45 : G-G Hh/Bs pairing parallel cis 33 
B10-B24 : U-A Ww/Ww pairing antiparallel cis XX 
B11-B23 : U-A Ww/Ww pairing antiparallel cis XX 
B12-B22 : C-G Ww/Ww pairing antiparallel cis XIX 
B14-B48 : G-C Ww/Ww pairing parallel trans XXII 
B15-B59 : U-G O2P/Bs O2P/Ww pairing 
B17-B55 : G-U Ww/Bs pairing parallel trans 87 
B17-B57 : G-G O2'/Bs inward pairing 
B18-B56 : G-C Ww/Ww pairing antiparallel cis XIX 
B18-B60 : G-U O2P/Ww pairing 
B22-B46 : G-G Hh/Ww pairing antiparallel trans VII 
B26-B44 : A-G Ww/Ww pairing antiparallel cis VIII 
B27-B43 : C-G Ww/Ww pairing antiparallel cis XIX 
B28-B42 : C-G Ww/Ww pairing antiparallel cis XIX 
B29-B41 : U-A Ww/Ww pairing antiparallel cis XX 
B30-B40 : G-C Ww/Ww pairing antiparallel cis XIX 
B31-B39 : C-G Ww/Ww pairing antiparallel cis XIX 
B49-B65 : G-U Ww/Ws pairing antiparallel cis XXVIII 
B50-B64 : C-G Ww/Ww pairing antiparallel cis XIX 
B51-B63 : G-C Ww/Ww pairing antiparallel cis XIX 
B52-B62 : G-C Ww/Ww pairing antiparallel cis XIX 
B53-B61 : G-C Ww/Ww pairing antiparallel cis XIX 
B54-B58 : U-A Ws/Hh pairing antiparallel trans XXIV 
B55-B57 : U-G O2'/Hh Hh/O2P pairing 
B55-B58 : U-A Ww/O2P pairing 
B60-B61 : U-C O2P/Bh adjacent_5p pairing 